00:00 +0: loading test\bin\glush_test.dart
00:00 +0: test\core\backslash_literal_test.dart: Backslash Literals matches whitespace literals
00:00 +1: test\core\conjunction_test.dart: Grammar File Conjunction (&) verifies conjunction logic at runtime
00:00 +2: test\core\conjunction_test.dart: Grammar File Conjunction (&) verifies conjunction logic at runtime
00:00 +3: test\core\conjunction_test.dart: Grammar File Conjunction (&) verifies conjunction logic at runtime
00:00 +4: test\core\conjunction_test.dart: Grammar File Conjunction (&) verifies conjunction logic at runtime
00:00 +5: test\core\conjunction_test.dart: Grammar File Conjunction (&) verifies conjunction logic at runtime
00:00 +6: test\core\conjunction_test.dart: Grammar File Conjunction (&) verifies conjunction logic at runtime
00:00 +7: test\core\conjunction_test.dart: Grammar File Conjunction (&) verifies conjunction logic at runtime
00:00 +8: test\core\conjunction_test.dart: Grammar File Conjunction (&) verifies conjunction logic at runtime
00:00 +9: test\core\conjunction_test.dart: Grammar File Conjunction (&) verifies conjunction logic at runtime
00:00 +10: test\core\conjunction_test.dart: Grammar File Conjunction (&) verifies conjunction logic at runtime
00:00 +11: test\core\conjunction_test.dart: Grammar File Conjunction (&) verifies conjunction logic at runtime
00:00 +12: test\core\conjunction_test.dart: Grammar File Conjunction (&) verifies conjunction logic at runtime
00:00 +13: test\core\conjunction_test.dart: Grammar File Conjunction (&) verifies conjunction logic at runtime
00:00 +14: test\core\conjunction_test.dart: Grammar File Conjunction (&) verifies conjunction logic at runtime
00:00 +15: test\core\conjunction_test.dart: Grammar File Conjunction (&) verifies conjunction logic at runtime
00:00 +16: test\core\conjunction_test.dart: Grammar File Conjunction (&) verifies conjunction logic at runtime
00:00 +17: test\core\glush_list_test.dart: LazyGlushList Deep nested lazy lists do not stack overflow on isEmpty
00:00 +18: test\core\glush_test.dart: Grammar DSL creates basic grammar
00:00 +19: test\core\glush_test.dart: Grammar DSL handles token matching
00:00 +20: test\core\inversion_test.dart: Pattern Inversion inverts ExactToken
00:00 +21: test\core\inversion_test.dart: Pattern Inversion inverts ExactToken
00:00 +22: test\core\stress_test.dart: GlushList Stress Tests Deep Push chain does not stack overflow
00:00 +23: test\core\stress_test.dart: GlushList Stress Tests Deep Push chain does not stack overflow
00:00 +24: test\core\stress_test.dart: GlushList Stress Tests Deep Push chain does not stack overflow
00:00 +25: test\core\stress_test.dart: GlushList Stress Tests Deep Push chain does not stack overflow
00:00 +26: test\core\stress_test.dart: GlushList Stress Tests Deep Push chain does not stack overflow
00:00 +27: test\core\stress_test.dart: GlushList Stress Tests Deep Push chain does not stack overflow
00:00 +28: test\core\stress_test.dart: GlushList Stress Tests Deep Push chain does not stack overflow
00:00 +29: test\core\stress_test.dart: GlushList Stress Tests Deep Push chain does not stack overflow
00:00 +30: test\core\stress_test.dart: GlushList Stress Tests Deep Push chain does not stack overflow
00:00 +31: test\core\stress_test.dart: GlushList Stress Tests Deep Push chain does not stack overflow
00:00 +32: test\core\stress_test.dart: GlushList Stress Tests Deep Push chain does not stack overflow
00:00 +33: test\core\stress_test.dart: GlushList Stress Tests Deep Push chain does not stack overflow
00:00 +34: test\core\stress_test.dart: GlushList Stress Tests Deep Push chain does not stack overflow
00:00 +35: test\core\stress_test.dart: GlushList Stress Tests Deep Push chain does not stack overflow
00:00 +36: test\core\stress_test.dart: GlushList Stress Tests Deep Push chain does not stack overflow
00:00 +37: test\diagnostic\execution_trace_test.dart: Execution Trace Diagnostic Generates a clear trace file for a simple grammar with predicates
00:00 +38: test\diagnostic\execution_trace_test.dart: Execution Trace Diagnostic Generates a clear trace file for a simple grammar with predicates
00:00 +39: test\diagnostic\execution_trace_test.dart: Execution Trace Diagnostic Generates a clear trace file for a simple grammar with predicates
00:00 +40: test\diagnostic\execution_trace_test.dart: Execution Trace Diagnostic Generates a clear trace file for a simple grammar with predicates
00:00 +41: test\diagnostic\execution_trace_test.dart: Execution Trace Diagnostic Generates a clear trace file for a simple grammar with predicates
00:00 +42: test\diagnostic\execution_trace_test.dart: Execution Trace Diagnostic Generates a clear trace file for a simple grammar with predicates
00:00 +43: test\diagnostic\execution_trace_test.dart: Execution Trace Diagnostic Generates a clear trace file for a simple grammar with predicates
00:00 +44: test\diagnostic\execution_trace_test.dart: Execution Trace Diagnostic Generates a clear trace file for a simple grammar with predicates
00:00 +45: test\diagnostic\execution_trace_test.dart: Execution Trace Diagnostic Generates a clear trace file for a simple grammar with predicates
00:00 +46: test\diagnostic\execution_trace_test.dart: Execution Trace Diagnostic Generates a clear trace file for a simple grammar with predicates
00:00 +47: test\diagnostic\execution_trace_test.dart: Execution Trace Diagnostic Generates a clear trace file for a simple grammar with predicates
00:00 +48: test\diagnostic\execution_trace_test.dart: Execution Trace Diagnostic Generates a clear trace file for a simple grammar with predicates
STATE MACHINE VISUALIZATION
================================================================================
State 0
  [Action] CallAction(0) -> State 1
----------------------------------------
State 1
  [Action] Instance of 'AcceptAction'
----------------------------------------
State 2
  [Action] Predicate(&9) -> State 3
----------------------------------------
State 3
  [Action] Token(a) -> State 4
----------------------------------------
State 4
  [Action] CallAction(7) -> State 5
----------------------------------------
State 5
  [Action] ReturnAction(0) -> [GSS Return]
----------------------------------------
State 6
  [Action] Token(b) -> State 7
----------------------------------------
State 7
  [Action] ReturnAction(7) -> [GSS Return]
----------------------------------------
State 8
  [Action] Token(a) -> State 9
----------------------------------------
State 9
  [Action] CallAction(7) -> State 10
----------------------------------------
State 10
  [Action] ReturnAction(9) -> [GSS Return]
----------------------------------------
================================================================================


================================================================================
POSITION: 0, TOKEN: 'a'
--------------------------------------------------------------------------------
Active set of states (1 frames):
  Frame 0:
    States:  {State(0)}
    States:  {State(0)}
    Context: caller=root, marks=0
================================================================================

  [* Process] State(0)
      Context: caller=root, marks=0
    [> Action]  CallAction(0) -> processing
  [> Call]    start at pos 0 (caller: rule(start @ 0))
    [> Action]  Predicate(&9) -> processing
    ! Spawning sub-parse for predicate: 9
  [T Tracker] Predicate(pred(9 @ 0)) -> enqueue (activeFrames: 1)
  [T Tracker] Predicate(pred(9 @ 0)) -> processBatch (activeFrames: 0)
    [> Action]  Token(a) -> processing

================================================================================
POSITION: 1, TOKEN: 'b'
--------------------------------------------------------------------------------
Active set of states (1 frames):
  Frame 0:
    States:  {State(9)}
    States:  {State(9)}
    Context: caller=pred(9 @ 0), marks=1
================================================================================

  [* Process] State(9)
      Context: caller=pred(9 @ 0), marks=1
  [T Tracker] Predicate(pred(9 @ 0)) -> enqueue (activeFrames: 1)
  [T Tracker] Predicate(pred(9 @ 0)) -> processBatch (activeFrames: 0)
    [> Action]  CallAction(7) -> processing
  [> Call]    b at pos 1 (caller: rule(b @ 1 stack:Instance of 'Push<PredicateCallerKey>'))
  [T Tracker] Predicate(pred(9 @ 0)) -> enqueue (activeFrames: 1)
  [T Tracker] Predicate(pred(9 @ 0)) -> processBatch (activeFrames: 0)
    [> Action]  Token(b) -> processing

================================================================================
POSITION: 2, TOKEN: EOF
--------------------------------------------------------------------------------
Active set of states (1 frames):
  Frame 0:
    States:  {State(7)}
    States:  {State(7)}
    Context: caller=rule(b @ 1 stack:Instance of 'Push<PredicateCallerKey>'), marks=1
================================================================================

  [* Process] State(7)
      Context: caller=rule(b @ 1 stack:Instance of 'Push<PredicateCallerKey>'), marks=1
  [T Tracker] Predicate(pred(9 @ 0)) -> enqueue (activeFrames: 1)
  [T Tracker] Predicate(pred(9 @ 0)) -> processBatch (activeFrames: 0)
    [> Action]  ReturnAction(7) -> processing
  [< Return]  b at pos 2 (to: rule(b @ 1 stack:Instance of 'Push<PredicateCallerKey>'))
  [T Tracker] Predicate(pred(9 @ 0)) -> enqueue (activeFrames: 1)
  [T Tracker] Predicate(pred(9 @ 0)) -> processBatch (activeFrames: 0)
    [> Action]  ReturnAction(9) -> processing
    ! Predicate matched: 9 (AND: true) at pos 2
  [* Process] State(3)
      Context: caller=rule(start @ 0), marks=0
    [> Action]  Token(a) -> processing
  [* Process] State(4)
      Context: caller=rule(start @ 0), marks=1
    [> Action]  CallAction(7) -> processing
  [> Call]    b at pos 1 (caller: rule(b @ 1))
    [> Action]  Token(b) -> processing
  [* Process] State(7)
      Context: caller=rule(b @ 1), marks=1
    [> Action]  ReturnAction(7) -> processing
  [< Return]  b at pos 2 (to: rule(b @ 1))
    [> Action]  ReturnAction(0) -> processing
  [< Return]  start at pos 2 (to: rule(start @ 0))
    [> Action]  Instance of 'AcceptAction' -> processing

00:00 +49: test\diagnostic\execution_trace_test.dart: Execution Trace Diagnostic Generates a clear trace file for a simple grammar with predicates
00:00 +50: test\diagnostic\execution_trace_test.dart: Execution Trace Diagnostic Generates a clear trace file for a simple grammar with predicates
00:00 +51: test\features\associativity_test.dart: Associativity control No constraint on right enables right-associativity
00:00 +52: test\features\associativity_test.dart: Associativity control No constraint on right enables right-associativity
00:00 +53: test\features\data_driven_parameters_test.dart: Data-driven parameter materialization consumes single-character string parameters in sequence
00:00 +54: test\features\data_driven_parameters_test.dart: Data-driven parameter materialization consumes single-character string parameters in sequence
00:00 +55: test\features\data_driven_parameters_test.dart: Data-driven parameter materialization consumes single-character string parameters in sequence
00:00 +56: test\features\data_driven_parameters_test.dart: Data-driven parameter materialization consumes single-character string parameters in sequence
00:00 +57: test\features\data_driven_parameters_test.dart: Data-driven parameter materialization consumes single-character string parameters in sequence
00:00 +58: test\features\data_driven_parameters_test.dart: Data-driven parameter materialization consumes single-character string parameters in sequence
00:00 +59: test\features\data_driven_parameters_test.dart: Data-driven parameter materialization consumes single-character string parameters in sequence
00:00 +60: test\features\data_driven_parameters_test.dart: Data-driven parameter materialization consumes single-character string parameters in sequence
00:00 +61: test\features\data_driven_parameters_test.dart: Data-driven parameter materialization consumes single-character string parameters in sequence
00:00 +62: test\features\debug_predicate_test.dart: Simple AND predicate test
00:00 +63: test\features\debug_predicate_test.dart: Simple AND predicate test
00:00 +64: test\features\debug_predicate_test.dart: Simple AND predicate test
00:00 +65: test\features\debug_predicate_test.dart: Simple AND predicate test
00:00 +66: test\features\debug_predicate_test.dart: Simple AND predicate test
00:00 +67: test\features\debug_predicate_test.dart: Simple AND predicate test
00:00 +68: test\features\debug_predicate_test.dart: Simple AND predicate test
00:00 +69: test\features\debug_predicate_test.dart: Simple AND predicate test
00:00 +70: test\features\debug_predicate_test.dart: Simple AND predicate test
00:00 +71: test\features\debug_predicate_test.dart: Simple AND predicate test
00:00 +72: test\features\data_driven_rules_test.dart: Data-driven rule calls guard expressions are enforced before the body is entered
00:00 +73: test\features\function_style_rules_smoke_test.dart: Function-style grammar rules parse versioned packet layouts with data-driven guards
00:00 +74: test\features\function_style_rules_smoke_test.dart: Function-style grammar rules parse versioned packet layouts with data-driven guards
00:00 +75: test\features\function_style_rules_smoke_test.dart: Function-style grammar rules parse versioned packet layouts with data-driven guards
00:00 +76: test\features\function_style_rules_smoke_test.dart: Function-style grammar rules parse versioned packet layouts with data-driven guards
00:00 +77: test\features\function_style_rules_smoke_test.dart: Function-style grammar rules parse versioned packet layouts with data-driven guards
00:00 +78: test\features\function_style_rules_smoke_test.dart: Function-style grammar rules parse versioned packet layouts with data-driven guards
00:00 +79: test\features\function_style_rules_smoke_test.dart: Function-style grammar rules parse versioned packet layouts with data-driven guards
00:00 +80: test\features\function_style_rules_smoke_test.dart: Function-style grammar rules parse versioned packet layouts with data-driven guards
00:00 +81: test\features\function_style_rules_smoke_test.dart: Function-style grammar rules parse versioned packet layouts with data-driven guards
00:00 +82: test\features\function_style_rules_smoke_test.dart: Function-style grammar rules parse versioned packet layouts with data-driven guards
00:00 +83: test\features\function_style_rules_smoke_test.dart: Function-style grammar rules parse versioned packet layouts with data-driven guards
00:00 +84: test\features\function_style_rules_smoke_test.dart: Function-style grammar rules parse versioned packet layouts with data-driven guards
00:00 +85: test\features\function_style_rules_smoke_test.dart: Function-style grammar rules parse versioned packet layouts with data-driven guards
00:00 +86: test\features\function_style_rules_smoke_test.dart: Function-style grammar rules parse versioned packet layouts with data-driven guards
00:00 +87: test\features\grammarfile_if_guard_test.dart: Grammar file if guards parses and compiles guarded sequences
00:00 +88: test\features\grammarfile_if_guard_test.dart: Grammar file if guards parses and compiles guarded sequences
00:00 +89: test\features\grammarfile_if_guard_test.dart: Grammar file if guards parses and compiles guarded sequences
00:00 +90: test\features\greedy_star_plus_test.dart: Greedy Star/Plus star keeps the longest prefix before the following token
00:00 +91: test\features\greedy_star_plus_test.dart: Greedy Star/Plus star keeps the longest prefix before the following token
00:00 +92: test\features\greedy_star_plus_test.dart: Greedy Star/Plus star keeps the longest prefix before the following token
00:00 +93: test\features\greedy_star_plus_test.dart: Greedy Star/Plus star keeps the longest prefix before the following token
00:00 +93: test\features\grammarfile_if_guard_test.dart: Grammar file if guards captures expose span length in guards
(start, seq(t:(<repeat_0("n": 3)>), <check_0("length": t.length, "start": t)>))
(repeat, alt(<_if$0_0("n": n)>, <_if$1_0("n": n)>))
(check, <_if$2_0("length": length, "start": start)>)
(_if$0, seq(<repeat_1("n": (n - 1))>, s))
(_if$1, s)
(_if$2, eps)
00:00 +94: test\features\greedy_star_plus_test.dart: Greedy Star/Plus star keeps the longest prefix before the following token
00:00 +95: test\features\greedy_star_plus_test.dart: Greedy Star/Plus star keeps the longest prefix before the following token
00:00 +96: test\features\greedy_star_plus_test.dart: Greedy Star/Plus star keeps the longest prefix before the following token
00:00 +97: test\features\greedy_star_plus_test.dart: Greedy Star/Plus star keeps the longest prefix before the following token
00:00 +98: test\features\identifier_resolution_test.dart: Identifier resolution order parameters should shadow rules
00:00 +99: test\features\identifier_resolution_test.dart: Identifier resolution order parameters should shadow rules
00:00 +100: test\features\identifier_resolution_test.dart: Identifier resolution order parameters should shadow rules
00:00 +101: test\features\identifier_resolution_test.dart: Identifier resolution order parameters should shadow rules
00:00 +102: test\features\identifier_resolution_test.dart: Identifier resolution order parameters should shadow rules
00:00 +103: test\features\identifier_resolution_test.dart: Identifier resolution order parameters should shadow rules
00:00 +104: test\features\identifier_resolution_test.dart: Identifier resolution order parameters should shadow rules
00:00 +105: test\features\identifier_resolution_test.dart: Identifier resolution order parameters should shadow rules
00:00 +106: test\features\identifier_resolution_test.dart: Identifier resolution order parameters should shadow rules
00:00 +107: test\features\identifier_resolution_test.dart: Identifier resolution order parameters should shadow rules
00:00 +108: test\features\identifier_resolution_test.dart: Identifier resolution order parameters should shadow rules
00:00 +109: test\features\identifier_resolution_test.dart: Identifier resolution order parameters should shadow rules
00:00 +110: test\features\identifier_resolution_test.dart: Identifier resolution order parameters should shadow rules
00:00 +111: test\features\indentation_grammar_test.dart: Indentation Grammar (Engine Fixed) simple lines at level 0
00:00 +112: test\features\indentation_grammar_test.dart: Indentation Grammar (Engine Fixed) simple lines at level 0
00:00 +113: test\features\marks_regression_test.dart: Marks System Regression marks match forest for simple labels
00:00 +114: test\features\marks_regression_test.dart: Marks System Regression marks match forest for simple labels
00:00 +115: test\features\marks_regression_test.dart: Marks System Regression marks match forest for simple labels
00:00 +116: test\features\marks_regression_test.dart: Marks System Regression marks match forest for simple labels
00:00 +117: test\features\marks_regression_test.dart: Marks System Regression marks match forest for simple labels
00:00 +118: test\features\marks_regression_test.dart: Marks System Regression marks match forest for simple labels
00:00 +119: test\features\marks_regression_test.dart: Marks System Regression marks match forest for simple labels
00:00 +120: test\features\marks_regression_test.dart: Marks System Regression marks match forest for simple labels
00:00 +121: test\features\marks_regression_test.dart: Marks System Regression marks match forest for simple labels
00:00 +122: test\features\marks_regression_test.dart: Marks System Regression marks match forest for simple labels
00:00 +123: test\features\marks_regression_test.dart: Marks System Regression marks match forest for simple labels
00:00 +124: test\features\marks_test.dart: Intuitive Marks (Labels) Labeled patterns produce LabelMarks
00:00 +125: test\features\marks_test.dart: Intuitive Marks (Labels) Labeled patterns produce LabelMarks
00:00 +126: test\features\optional_unambiguous_test.dart: Optional Unambiguous Behavior optional whitespace around word has one parse
00:00 +127: test\features\optional_unambiguous_test.dart: Optional Unambiguous Behavior optional whitespace around word has one parse
00:00 +128: test\features\optional_unambiguous_test.dart: Optional Unambiguous Behavior optional whitespace around word has one parse
00:00 +129: test\features\optional_unambiguous_test.dart: Optional Unambiguous Behavior optional whitespace around word has one parse
00:00 +130: test\features\optional_unambiguous_test.dart: Optional Unambiguous Behavior optional whitespace around word has one parse
00:00 +131: test\features\optional_unambiguous_test.dart: Optional Unambiguous Behavior optional whitespace around word has one parse
00:00 +132: test\features\optional_unambiguous_test.dart: Optional Unambiguous Behavior optional whitespace around word has one parse
00:00 +133: test\features\optional_unambiguous_test.dart: Optional Unambiguous Behavior optional whitespace around word has one parse
00:00 +134: test\features\optional_unambiguous_test.dart: Optional Unambiguous Behavior optional whitespace around word has one parse
00:00 +135: test\features\optional_unambiguous_test.dart: Optional Unambiguous Behavior optional whitespace around word has one parse
00:00 +136: test\features\optional_unambiguous_test.dart: Optional Unambiguous Behavior optional whitespace around word has one parse
00:00 +137: test\features\optional_unambiguous_test.dart: Optional Unambiguous Behavior optional whitespace around word has one parse
00:00 +138: test\features\optional_unambiguous_test.dart: Optional Unambiguous Behavior optional whitespace around word has one parse
00:00 +139: test\features\optional_unambiguous_test.dart: Optional Unambiguous Behavior optional whitespace around word has one parse
00:00 +140: test\features\optional_unambiguous_test.dart: Optional Unambiguous Behavior optional whitespace around word has one parse
00:00 +141: test\features\optional_unambiguous_test.dart: Optional Unambiguous Behavior optional whitespace around word has one parse
00:00 +142: test\features\optional_unambiguous_test.dart: Optional Unambiguous Behavior optional whitespace around word has one parse
00:00 +143: test\features\optional_unambiguous_test.dart: Optional Unambiguous Behavior optional whitespace around word has one parse
00:00 +144: test\features\predicates_test.dart: AND Predicates (&) AND succeeds when pattern matches
00:00 +145: test\features\predicates_test.dart: AND Predicates (&) AND succeeds when pattern matches
00:00 +146: test\features\predicates_test.dart: AND Predicates (&) AND succeeds when pattern matches
00:00 +147: test\features\predicates_test.dart: AND Predicates (&) AND succeeds when pattern matches
00:00 +148: test\features\predicates_test.dart: AND Predicates (&) AND succeeds when pattern matches
00:00 +149: test\features\predicates_test.dart: AND Predicates (&) AND succeeds when pattern matches
00:00 +150: test\features\predicates_test.dart: AND Predicates (&) AND succeeds when pattern matches
00:00 +151: test\features\predicates_test.dart: AND Predicates (&) AND succeeds when pattern matches
00:00 +152: test\features\predicates_test.dart: AND Predicates (&) AND succeeds when pattern matches
00:00 +153: test\features\predicates_test.dart: AND Predicates (&) AND succeeds when pattern matches
00:00 +154: test\features\predicates_test.dart: AND Predicates (&) AND succeeds when pattern matches
00:00 +155: test\features\predicates_test.dart: AND Predicates (&) AND succeeds when pattern matches
00:00 +156: test\features\predicates_test.dart: AND Predicates (&) AND succeeds when pattern matches
00:00 +157: test\features\predicates_test.dart: AND Predicates (&) AND succeeds when pattern matches
00:00 +158: test\features\predicates_test.dart: AND Predicates (&) AND succeeds when pattern matches
00:00 +159: test\features\predicate_nesting_test.dart: Complex Predicate Combinations Lookahead for NOT: &(!a) b
00:00 +160: test\features\predicate_nesting_test.dart: Complex Predicate Combinations Lookahead for NOT: &(!a) b
00:00 +161: test\features\predicate_nesting_test.dart: Complex Predicate Combinations Lookahead for NOT: &(!a) b
00:00 +162: test\features\predicate_nesting_test.dart: Complex Predicate Combinations Lookahead for NOT: &(!a) b
00:00 +163: test\features\predicate_nesting_test.dart: Complex Predicate Combinations Lookahead for NOT: &(!a) b
00:00 +164: test\features\predicate_nesting_test.dart: Complex Predicate Combinations Lookahead for NOT: &(!a) b
00:00 +165: test\features\predicate_nesting_test.dart: Complex Predicate Combinations Lookahead for NOT: &(!a) b
00:00 +166: test\features\predicate_nesting_test.dart: Complex Predicate Combinations Lookahead for NOT: &(!a) b
00:00 +167: test\features\predicate_nesting_test.dart: Complex Predicate Combinations Lookahead for NOT: &(!a) b
00:00 +168: test\features\pred_amb_test.dart: Predicate Short-Circuiting AND with ambiguous sub-pattern succeeds correctly
00:00 +169: test\features\pred_amb_test.dart: Predicate Short-Circuiting AND with ambiguous sub-pattern succeeds correctly
00:00 +170: test\features\pred_amb_test.dart: Predicate Short-Circuiting AND with ambiguous sub-pattern succeeds correctly
00:00 +171: test\features\pred_amb_test.dart: Predicate Short-Circuiting AND with ambiguous sub-pattern succeeds correctly
00:00 +172: test\features\pred_amb_test.dart: Predicate Short-Circuiting AND with ambiguous sub-pattern succeeds correctly
00:00 +173: test\features\pred_amb_test.dart: Predicate Short-Circuiting AND with ambiguous sub-pattern succeeds correctly
00:00 +174: test\features\pred_amb_test.dart: Predicate Short-Circuiting AND with ambiguous sub-pattern succeeds correctly
00:00 +175: test\features\pred_amb_test.dart: Predicate Short-Circuiting AND with ambiguous sub-pattern succeeds correctly
00:00 +176: test\features\pred_amb_test.dart: Predicate Short-Circuiting AND with ambiguous sub-pattern succeeds correctly
00:00 +177: test\features\pred_amb_test.dart: Predicate Short-Circuiting AND with ambiguous sub-pattern succeeds correctly
00:00 +178: test\features\pred_amb_test.dart: Predicate Short-Circuiting AND with ambiguous sub-pattern succeeds correctly
00:00 +179: test\features\pred_amb_test.dart: Predicate Short-Circuiting AND with ambiguous sub-pattern succeeds correctly
00:00 +180: test\features\pred_amb_test.dart: Predicate Short-Circuiting AND with ambiguous sub-pattern succeeds correctly
00:00 +181: test\features\pred_amb_test.dart: Predicate Short-Circuiting AND with ambiguous sub-pattern succeeds correctly
00:00 +182: test\features\pred_amb_test.dart: Predicate Short-Circuiting AND with ambiguous sub-pattern succeeds correctly
00:00 +183: test\features\pred_amb_test.dart: Predicate Short-Circuiting AND with ambiguous sub-pattern succeeds correctly
00:00 +184: test\features\pred_amb_test.dart: Predicate Short-Circuiting AND with ambiguous sub-pattern succeeds correctly
00:00 +185: test\features\pred_amb_test.dart: Predicate Short-Circuiting AND with ambiguous sub-pattern succeeds correctly
00:00 +186: test\features\pred_amb_test.dart: Predicate Short-Circuiting AND with ambiguous sub-pattern succeeds correctly
00:00 +187: test\features\pred_amb_test.dart: Predicate Short-Circuiting AND with ambiguous sub-pattern succeeds correctly
00:00 +188: test\features\pred_amb_test.dart: Predicate Short-Circuiting AND with ambiguous sub-pattern succeeds correctly
00:00 +189: test\features\pred_amb_test.dart: Predicate Short-Circuiting AND with ambiguous sub-pattern succeeds correctly
00:00 +190: test\features\pred_amb_test.dart: Predicate Short-Circuiting AND with ambiguous sub-pattern succeeds correctly
00:00 +191: test\features\pred_amb_test.dart: Predicate Short-Circuiting AND with ambiguous sub-pattern succeeds correctly
00:00 +192: test\features\pred_amb_test.dart: Predicate Short-Circuiting AND with ambiguous sub-pattern succeeds correctly
00:00 +193: test\features\pred_amb_test.dart: Predicate Short-Circuiting AND with ambiguous sub-pattern succeeds correctly
00:00 +194: test\features\pred_amb_test.dart: Predicate Short-Circuiting AND with ambiguous sub-pattern succeeds correctly
00:00 +195: test\features\marks_regression_test.dart: Marks System Regression meta-style continuation grammar yields many stable mark paths
00:00 +196: test\features\marks_regression_test.dart: Marks System Regression meta-style continuation grammar yields many stable mark paths
00:00 +197: test\features\marks_regression_test.dart: Marks System Regression meta-style continuation grammar yields many stable mark paths
00:00 +198: test\features\marks_regression_test.dart: Marks System Regression meta-style continuation grammar yields many stable mark paths
00:00 +199: test\features\marks_regression_test.dart: Marks System Regression meta-style continuation grammar yields many stable mark paths
00:00 +200: test\features\marks_regression_test.dart: Marks System Regression meta-style continuation grammar yields many stable mark paths
00:00 +201: test\features\marks_regression_test.dart: Marks System Regression meta-style continuation grammar yields many stable mark paths
00:00 +202: test\features\marks_regression_test.dart: Marks System Regression meta-style continuation grammar yields many stable mark paths
00:00 +203: test\features\marks_regression_test.dart: Marks System Regression meta-style continuation grammar yields many stable mark paths
00:00 +204: test\features\marks_regression_test.dart: Marks System Regression meta-style continuation grammar yields many stable mark paths
00:00 +205: test\features\marks_regression_test.dart: Marks System Regression meta-style continuation grammar yields many stable mark paths
00:00 +206: test\features\marks_regression_test.dart: Marks System Regression meta-style continuation grammar yields many stable mark paths
00:00 +207: test\features\marks_regression_test.dart: Marks System Regression meta-style continuation grammar yields many stable mark paths
00:00 +208: test\features\marks_regression_test.dart: Marks System Regression meta-style continuation grammar yields many stable mark paths
00:00 +209: test\features\marks_regression_test.dart: Marks System Regression meta-style continuation grammar yields many stable mark paths
00:00 +210: test\features\marks_regression_test.dart: Marks System Regression meta-style continuation grammar yields many stable mark paths
00:00 +211: test\features\marks_regression_test.dart: Marks System Regression meta-style continuation grammar yields many stable mark paths
00:00 +212: test\features\marks_regression_test.dart: Marks System Regression meta-style continuation grammar yields many stable mark paths
00:00 +213: test\features\marks_regression_test.dart: Marks System Regression meta-style continuation grammar yields many stable mark paths
00:00 +214: test\features\marks_regression_test.dart: Marks System Regression meta-style continuation grammar yields many stable mark paths
00:00 +215: test\features\marks_regression_test.dart: Marks System Regression meta-style continuation grammar yields many stable mark paths
00:00 +216: test\features\marks_regression_test.dart: Marks System Regression meta-style continuation grammar yields many stable mark paths
00:00 +217: test\features\marks_regression_test.dart: Marks System Regression meta-style continuation grammar yields many stable mark paths
00:00 +218: test\features\marks_regression_test.dart: Marks System Regression meta-style continuation grammar yields many stable mark paths
00:00 +219: test\features\marks_regression_test.dart: Marks System Regression meta-style continuation grammar yields many stable mark paths
00:00 +220: test\features\marks_regression_test.dart: Marks System Regression meta-style continuation grammar yields many stable mark paths
00:00 +221: test\features\marks_regression_test.dart: Marks System Regression meta-style continuation grammar yields many stable mark paths
00:00 +222: test\features\marks_regression_test.dart: Marks System Regression meta-style continuation grammar yields many stable mark paths
00:00 +223: test\features\marks_regression_test.dart: Marks System Regression meta-style continuation grammar yields many stable mark paths
00:00 +224: test\features\marks_regression_test.dart: Marks System Regression meta-style continuation grammar yields many stable mark paths
00:00 +225: test\features\marks_regression_test.dart: Marks System Regression meta-style continuation grammar yields many stable mark paths
00:00 +226: test\features\marks_regression_test.dart: Marks System Regression meta-style continuation grammar yields many stable mark paths
00:00 +227: test\features\marks_regression_test.dart: Marks System Regression meta-style continuation grammar yields many stable mark paths
00:00 +228: test\features\marks_regression_test.dart: Marks System Regression meta-style continuation grammar yields many stable mark paths
00:00 +229: test\features\marks_regression_test.dart: Marks System Regression meta-style continuation grammar yields many stable mark paths
00:00 +230: test\features\marks_regression_test.dart: Marks System Regression meta-style continuation grammar yields many stable mark paths
00:00 +231: test\features\marks_regression_test.dart: Marks System Regression meta-style continuation grammar yields many stable mark paths
00:00 +232: test\features\marks_regression_test.dart: Marks System Regression meta-style continuation grammar yields many stable mark paths
00:00 +233: test\features\marks_regression_test.dart: Marks System Regression meta-style continuation grammar yields many stable mark paths
00:00 +234: test\features\marks_regression_test.dart: Marks System Regression meta-style continuation grammar yields many stable mark paths
00:00 +235: test\features\marks_regression_test.dart: Marks System Regression meta-style continuation grammar yields many stable mark paths
00:00 +236: test\features\marks_regression_test.dart: Marks System Regression meta-style continuation grammar yields many stable mark paths
00:00 +237: test\features\marks_regression_test.dart: Marks System Regression meta-style continuation grammar yields many stable mark paths
00:00 +238: test\features\marks_regression_test.dart: Marks System Regression meta-style continuation grammar yields many stable mark paths
00:00 +239: test\features\marks_regression_test.dart: Marks System Regression meta-style continuation grammar yields many stable mark paths
00:00 +240: test\features\marks_regression_test.dart: Marks System Regression meta-style continuation grammar yields many stable mark paths
00:00 +241: test\features\marks_regression_test.dart: Marks System Regression meta-style continuation grammar yields many stable mark paths
00:00 +242: test\features\marks_regression_test.dart: Marks System Regression meta-style continuation grammar yields many stable mark paths
00:00 +243: test\features\marks_regression_test.dart: Marks System Regression meta-style continuation grammar yields many stable mark paths
00:00 +244: test\features\marks_regression_test.dart: Marks System Regression meta-style continuation grammar yields many stable mark paths
00:00 +245: test\features\marks_regression_test.dart: Marks System Regression meta-style continuation grammar yields many stable mark paths
00:00 +246: test\features\marks_regression_test.dart: Marks System Regression meta-style continuation grammar yields many stable mark paths
00:00 +247: test\features\marks_regression_test.dart: Marks System Regression meta-style continuation grammar yields many stable mark paths
00:00 +248: test\features\marks_regression_test.dart: Marks System Regression meta-style continuation grammar yields many stable mark paths
00:00 +249: test\features\marks_regression_test.dart: Marks System Regression meta-style continuation grammar yields many stable mark paths
00:00 +250: test\features\marks_regression_test.dart: Marks System Regression meta-style continuation grammar yields many stable mark paths
00:00 +251: test\features\marks_regression_test.dart: Marks System Regression meta-style continuation grammar yields many stable mark paths
00:00 +252: test\features\marks_regression_test.dart: Marks System Regression meta-style continuation grammar yields many stable mark paths
00:00 +253: test\features\marks_regression_test.dart: Marks System Regression meta-style continuation grammar yields many stable mark paths
00:00 +254: test\features\marks_regression_test.dart: Marks System Regression meta-style continuation grammar yields many stable mark paths
00:00 +255: test\features\marks_regression_test.dart: Marks System Regression meta-style continuation grammar yields many stable mark paths
00:00 +256: test\features\marks_regression_test.dart: Marks System Regression meta-style continuation grammar yields many stable mark paths
00:00 +257: test\features\marks_regression_test.dart: Marks System Regression meta-style continuation grammar yields many stable mark paths
00:00 +258: test\features\marks_regression_test.dart: Marks System Regression meta-style continuation grammar yields many stable mark paths
00:00 +259: test\features\marks_regression_test.dart: Marks System Regression meta-style continuation grammar yields many stable mark paths
00:00 +260: test\features\marks_regression_test.dart: Marks System Regression meta-style continuation grammar yields many stable mark paths
00:00 +260 -1: test\features\marks_regression_test.dart: Marks System Regression meta-style continuation grammar yields many stable mark paths
00:00 +261 -1: test\features\marks_regression_test.dart: Marks System Regression meta-style continuation grammar yields many stable mark paths
00:00 +262 -1: test\features\marks_regression_test.dart: Marks System Regression meta-style continuation grammar yields many stable mark paths
00:00 +263 -1: test\features\marks_regression_test.dart: Marks System Regression meta-style continuation grammar yields many stable mark paths
00:00 +264 -1: test\features\marks_regression_test.dart: Marks System Regression meta-style continuation grammar yields many stable mark paths
00:00 +265 -1: test\features\marks_regression_test.dart: Marks System Regression meta-style continuation grammar yields many stable mark paths
00:00 +266 -1: test\features\marks_regression_test.dart: Marks System Regression meta-style continuation grammar yields many stable mark paths
00:00 +267 -1: test\features\marks_regression_test.dart: Marks System Regression meta-style continuation grammar yields many stable mark paths
00:00 +268 -1: test\features\marks_regression_test.dart: Marks System Regression meta-style continuation grammar yields many stable mark paths
00:00 +269 -1: test\features\marks_regression_test.dart: Marks System Regression meta-style continuation grammar yields many stable mark paths
00:00 +270 -1: test\features\marks_regression_test.dart: Marks System Regression meta-style continuation grammar yields many stable mark paths
00:00 +270 -1: test\parser\conjunction_properties_test.dart: Conjunction & Alternation Properties Associativity (A & B) & C == A & (B & C) [E]
  Expected: <2>
    Actual: <1>
  
  package:matcher                                    expect
  test\parser\conjunction_properties_test.dart 86:7  main.<fn>.<fn>
  
00:00 +271 -1: test\features\marks_regression_test.dart: Marks System Regression meta-style continuation grammar yields many stable mark paths
00:00 +272 -1: test\features\marks_regression_test.dart: Marks System Regression meta-style continuation grammar yields many stable mark paths
00:00 +273 -1: test\features\marks_regression_test.dart: Marks System Regression meta-style continuation grammar yields many stable mark paths
00:00 +274 -1: test\features\marks_regression_test.dart: Marks System Regression meta-style continuation grammar yields many stable mark paths
00:00 +275 -1: test\features\marks_regression_test.dart: Marks System Regression meta-style continuation grammar yields many stable mark paths
00:00 +276 -1: test\features\marks_regression_test.dart: Marks System Regression meta-style continuation grammar yields many stable mark paths
00:00 +277 -1: test\features\marks_regression_test.dart: Marks System Regression meta-style continuation grammar yields many stable mark paths
00:00 +278 -1: test\features\marks_regression_test.dart: Marks System Regression meta-style continuation grammar yields many stable mark paths
00:00 +279 -1: test\features\marks_regression_test.dart: Marks System Regression meta-style continuation grammar yields many stable mark paths
00:00 +280 -1: test\features\marks_regression_test.dart: Marks System Regression meta-style continuation grammar yields many stable mark paths
00:00 +281 -1: test\features\marks_regression_test.dart: Marks System Regression meta-style continuation grammar yields many stable mark paths
00:00 +282 -1: test\features\marks_regression_test.dart: Marks System Regression meta-style continuation grammar yields many stable mark paths
00:00 +283 -1: test\features\marks_regression_test.dart: Marks System Regression meta-style continuation grammar yields many stable mark paths
00:00 +284 -1: test\features\marks_regression_test.dart: Marks System Regression meta-style continuation grammar yields many stable mark paths
00:00 +285 -1: test\features\marks_regression_test.dart: Marks System Regression meta-style continuation grammar yields many stable mark paths
00:00 +286 -1: test\features\marks_regression_test.dart: Marks System Regression meta-style continuation grammar yields many stable mark paths
00:00 +287 -1: test\features\marks_regression_test.dart: Marks System Regression meta-style continuation grammar yields many stable mark paths
00:00 +288 -1: test\features\marks_regression_test.dart: Marks System Regression meta-style continuation grammar yields many stable mark paths
00:00 +289 -1: test\features\marks_regression_test.dart: Marks System Regression meta-style continuation grammar yields many stable mark paths
00:00 +290 -1: test\features\marks_regression_test.dart: Marks System Regression meta-style continuation grammar yields many stable mark paths
00:00 +291 -1: test\features\marks_regression_test.dart: Marks System Regression meta-style continuation grammar yields many stable mark paths
00:00 +292 -1: test\features\marks_regression_test.dart: Marks System Regression meta-style continuation grammar yields many stable mark paths
00:00 +293 -1: test\features\marks_regression_test.dart: Marks System Regression meta-style continuation grammar yields many stable mark paths
00:00 +294 -1: test\features\marks_regression_test.dart: Marks System Regression meta-style continuation grammar yields many stable mark paths
00:00 +295 -1: test\features\marks_regression_test.dart: Marks System Regression meta-style continuation grammar yields many stable mark paths
00:00 +296 -1: test\features\marks_regression_test.dart: Marks System Regression meta-style continuation grammar yields many stable mark paths
00:00 +297 -1: test\features\marks_regression_test.dart: Marks System Regression meta-style continuation grammar yields many stable mark paths
00:00 +298 -1: test\features\marks_regression_test.dart: Marks System Regression meta-style continuation grammar yields many stable mark paths
00:00 +299 -1: test\features\marks_regression_test.dart: Marks System Regression meta-style continuation grammar yields many stable mark paths
00:00 +300 -1: test\features\marks_regression_test.dart: Marks System Regression meta-style continuation grammar yields many stable mark paths
00:00 +301 -1: test\features\marks_regression_test.dart: Marks System Regression meta-style continuation grammar yields many stable mark paths
00:00 +302 -1: test\features\marks_regression_test.dart: Marks System Regression meta-style continuation grammar yields many stable mark paths
00:00 +303 -1: test\features\marks_regression_test.dart: Marks System Regression meta-style continuation grammar yields many stable mark paths
00:00 +304 -1: test\features\marks_regression_test.dart: Marks System Regression meta-style continuation grammar yields many stable mark paths
00:00 +305 -1: test\features\marks_regression_test.dart: Marks System Regression meta-style continuation grammar yields many stable mark paths
00:00 +306 -1: test\features\marks_regression_test.dart: Marks System Regression meta-style continuation grammar yields many stable mark paths
00:00 +307 -1: test\features\marks_regression_test.dart: Marks System Regression meta-style continuation grammar yields many stable mark paths
00:00 +308 -1: test\features\marks_regression_test.dart: Marks System Regression meta-style continuation grammar yields many stable mark paths
00:00 +309 -1: test\features\marks_regression_test.dart: Marks System Regression meta-style continuation grammar yields many stable mark paths
00:00 +310 -1: test\features\marks_regression_test.dart: Marks System Regression meta-style continuation grammar yields many stable mark paths
00:00 +311 -1: test\features\marks_regression_test.dart: Marks System Regression meta-style continuation grammar yields many stable mark paths
00:00 +312 -1: test\features\marks_regression_test.dart: Marks System Regression meta-style continuation grammar yields many stable mark paths
00:00 +313 -1: test\features\marks_regression_test.dart: Marks System Regression meta-style continuation grammar yields many stable mark paths
00:00 +314 -1: test\features\marks_regression_test.dart: Marks System Regression meta-style continuation grammar yields many stable mark paths
00:00 +315 -1: test\features\marks_regression_test.dart: Marks System Regression meta-style continuation grammar yields many stable mark paths
00:00 +316 -1: test\features\marks_regression_test.dart: Marks System Regression meta-style continuation grammar yields many stable mark paths
00:00 +317 -1: test\features\marks_regression_test.dart: Marks System Regression meta-style continuation grammar yields many stable mark paths
00:00 +318 -1: test\features\marks_regression_test.dart: Marks System Regression meta-style continuation grammar yields many stable mark paths
00:00 +319 -1: test\features\marks_regression_test.dart: Marks System Regression meta-style continuation grammar yields many stable mark paths
00:00 +320 -1: test\features\marks_regression_test.dart: Marks System Regression meta-style continuation grammar yields many stable mark paths
00:00 +321 -1: test\features\marks_regression_test.dart: Marks System Regression meta-style continuation grammar yields many stable mark paths
00:00 +322 -1: test\features\marks_regression_test.dart: Marks System Regression meta-style continuation grammar yields many stable mark paths
00:00 +323 -1: test\features\marks_regression_test.dart: Marks System Regression meta-style continuation grammar yields many stable mark paths
00:00 +324 -1: test\features\marks_regression_test.dart: Marks System Regression meta-style continuation grammar yields many stable mark paths
00:00 +325 -1: test\features\marks_regression_test.dart: Marks System Regression meta-style continuation grammar yields many stable mark paths
00:00 +326 -1: test\features\marks_regression_test.dart: Marks System Regression meta-style continuation grammar yields many stable mark paths
00:00 +327 -1: test\features\marks_regression_test.dart: Marks System Regression meta-style continuation grammar yields many stable mark paths
00:00 +328 -1: test\features\marks_regression_test.dart: Marks System Regression meta-style continuation grammar yields many stable mark paths
00:00 +329 -1: test\features\marks_regression_test.dart: Marks System Regression meta-style continuation grammar yields many stable mark paths
00:00 +330 -1: test\features\marks_regression_test.dart: Marks System Regression meta-style continuation grammar yields many stable mark paths
00:00 +331 -1: test\features\marks_regression_test.dart: Marks System Regression meta-style continuation grammar yields many stable mark paths
00:00 +332 -1: test\features\marks_regression_test.dart: Marks System Regression meta-style continuation grammar yields many stable mark paths
00:00 +333 -1: test\features\marks_regression_test.dart: Marks System Regression meta-style continuation grammar yields many stable mark paths
00:00 +334 -1: test\features\marks_regression_test.dart: Marks System Regression meta-style continuation grammar yields many stable mark paths
00:00 +335 -1: test\features\marks_regression_test.dart: Marks System Regression meta-style continuation grammar yields many stable mark paths
00:00 +336 -1: test\features\marks_regression_test.dart: Marks System Regression meta-style continuation grammar yields many stable mark paths
00:00 +337 -1: test\features\marks_regression_test.dart: Marks System Regression meta-style continuation grammar yields many stable mark paths
00:00 +338 -1: test\features\marks_regression_test.dart: Marks System Regression meta-style continuation grammar yields many stable mark paths
00:00 +338 -1: test\parser\gamma_three_test.dart: ambiguous gamma 3: S = S c c | .
((((..).).).)
(((.(..)).).)
(((..)(..)).)
((.((..).)).)
((.(.(..))).)
(((..).)(..))
((.(..))(..))
((..)((..).))
((..)(.(..)))
(.(((..).).))
(.((.(..)).))
(.((..)(..)))
(.(.((..).)))
(.(.(.(..))))
00:00 +339 -1: test\features\marks_regression_test.dart: Marks System Regression meta-style continuation grammar yields many stable mark paths
00:00 +340 -1: test\features\marks_regression_test.dart: Marks System Regression meta-style continuation grammar yields many stable mark paths
00:00 +341 -1: test\features\marks_regression_test.dart: Marks System Regression meta-style continuation grammar yields many stable mark paths
00:00 +342 -1: test\features\marks_regression_test.dart: Marks System Regression meta-style continuation grammar yields many stable mark paths
00:00 +343 -1: test\features\marks_regression_test.dart: Marks System Regression meta-style continuation grammar yields many stable mark paths
00:00 +344 -1: test\features\marks_regression_test.dart: Marks System Regression meta-style continuation grammar yields many stable mark paths
00:00 +345 -1: test\features\marks_regression_test.dart: Marks System Regression meta-style continuation grammar yields many stable mark paths
00:00 +346 -1: test\features\marks_regression_test.dart: Marks System Regression meta-style continuation grammar yields many stable mark paths
00:00 +347 -1: test\features\marks_regression_test.dart: Marks System Regression meta-style continuation grammar yields many stable mark paths
00:00 +348 -1: test\features\marks_regression_test.dart: Marks System Regression meta-style continuation grammar yields many stable mark paths
00:00 +349 -1: test\features\marks_regression_test.dart: Marks System Regression meta-style continuation grammar yields many stable mark paths
00:00 +350 -1: test\features\marks_regression_test.dart: Marks System Regression meta-style continuation grammar yields many stable mark paths
00:00 +351 -1: test\features\marks_regression_test.dart: Marks System Regression meta-style continuation grammar yields many stable mark paths
00:00 +352 -1: test\features\marks_regression_test.dart: Marks System Regression meta-style continuation grammar yields many stable mark paths
00:00 +353 -1: test\features\marks_regression_test.dart: Marks System Regression meta-style continuation grammar yields many stable mark paths
00:00 +354 -1: test\features\marks_regression_test.dart: Marks System Regression meta-style continuation grammar yields many stable mark paths
00:00 +355 -1: test\features\marks_regression_test.dart: Marks System Regression meta-style continuation grammar yields many stable mark paths
00:00 +356 -1: test\features\marks_regression_test.dart: Marks System Regression meta-style continuation grammar yields many stable mark paths
00:00 +357 -1: test\features\marks_regression_test.dart: Marks System Regression meta-style continuation grammar yields many stable mark paths
00:00 +358 -1: test\features\marks_regression_test.dart: Marks System Regression meta-style continuation grammar yields many stable mark paths
00:00 +359 -1: test\features\marks_regression_test.dart: Marks System Regression meta-style continuation grammar yields many stable mark paths
00:00 +360 -1: test\features\marks_regression_test.dart: Marks System Regression meta-style continuation grammar yields many stable mark paths
00:00 +361 -1: test\features\marks_regression_test.dart: Marks System Regression meta-style continuation grammar yields many stable mark paths
00:00 +362 -1: test\features\marks_regression_test.dart: Marks System Regression meta-style continuation grammar yields many stable mark paths
00:00 +363 -1: test\features\marks_regression_test.dart: Marks System Regression meta-style continuation grammar yields many stable mark paths
00:00 +364 -1: test\features\marks_regression_test.dart: Marks System Regression meta-style continuation grammar yields many stable mark paths
00:00 +365 -1: test\features\marks_regression_test.dart: Marks System Regression meta-style continuation grammar yields many stable mark paths
00:00 +366 -1: test\features\marks_regression_test.dart: Marks System Regression meta-style continuation grammar yields many stable mark paths
00:00 +367 -1: test\features\marks_regression_test.dart: Marks System Regression meta-style continuation grammar yields many stable mark paths
00:00 +368 -1: test\features\marks_regression_test.dart: Marks System Regression meta-style continuation grammar yields many stable mark paths
00:00 +369 -1: test\features\marks_regression_test.dart: Marks System Regression meta-style continuation grammar yields many stable mark paths
00:00 +370 -1: test\features\marks_regression_test.dart: Marks System Regression meta-style continuation grammar yields many stable mark paths
00:00 +371 -1: test\features\marks_regression_test.dart: Marks System Regression meta-style continuation grammar yields many stable mark paths
00:00 +372 -1: test\features\marks_regression_test.dart: Marks System Regression meta-style continuation grammar yields many stable mark paths
00:00 +373 -1: test\features\marks_regression_test.dart: Marks System Regression meta-style continuation grammar yields many stable mark paths
00:00 +374 -1: test\features\marks_regression_test.dart: Marks System Regression meta-style continuation grammar yields many stable mark paths
00:00 +375 -1: test\features\marks_regression_test.dart: Marks System Regression meta-style continuation grammar yields many stable mark paths
00:00 +376 -1: test\features\marks_regression_test.dart: Marks System Regression meta-style continuation grammar yields many stable mark paths
00:00 +377 -1: test\features\marks_regression_test.dart: Marks System Regression meta-style continuation grammar yields many stable mark paths
00:00 +378 -1: test\features\marks_regression_test.dart: Marks System Regression meta-style continuation grammar yields many stable mark paths
00:00 +379 -1: test\features\marks_regression_test.dart: Marks System Regression meta-style continuation grammar yields many stable mark paths
00:00 +380 -1: test\features\marks_regression_test.dart: Marks System Regression meta-style continuation grammar yields many stable mark paths
00:00 +381 -1: test\features\marks_regression_test.dart: Marks System Regression meta-style continuation grammar yields many stable mark paths
00:00 +382 -1: test\features\marks_regression_test.dart: Marks System Regression meta-style continuation grammar yields many stable mark paths
00:00 +383 -1: test\features\marks_regression_test.dart: Marks System Regression meta-style continuation grammar yields many stable mark paths
00:00 +384 -1: test\features\marks_regression_test.dart: Marks System Regression meta-style continuation grammar yields many stable mark paths
00:00 +385 -1: test\features\marks_regression_test.dart: Marks System Regression meta-style continuation grammar yields many stable mark paths
00:00 +386 -1: test\features\marks_regression_test.dart: Marks System Regression meta-style continuation grammar yields many stable mark paths
00:00 +387 -1: test\features\marks_regression_test.dart: Marks System Regression meta-style continuation grammar yields many stable mark paths
00:00 +388 -1: test\features\marks_regression_test.dart: Marks System Regression meta-style continuation grammar yields many stable mark paths
00:00 +389 -1: test\features\marks_regression_test.dart: Marks System Regression meta-style continuation grammar yields many stable mark paths
00:00 +390 -1: test\features\marks_regression_test.dart: Marks System Regression meta-style continuation grammar yields many stable mark paths
00:00 +391 -1: test\features\marks_regression_test.dart: Marks System Regression meta-style continuation grammar yields many stable mark paths
00:00 +392 -1: test\features\marks_regression_test.dart: Marks System Regression meta-style continuation grammar yields many stable mark paths
00:00 +393 -1: test\features\marks_regression_test.dart: Marks System Regression meta-style continuation grammar yields many stable mark paths
00:00 +394 -1: test\features\marks_regression_test.dart: Marks System Regression meta-style continuation grammar yields many stable mark paths
00:00 +395 -1: test\features\marks_regression_test.dart: Marks System Regression meta-style continuation grammar yields many stable mark paths
00:00 +396 -1: test\features\marks_regression_test.dart: Marks System Regression meta-style continuation grammar yields many stable mark paths
00:00 +397 -1: test\features\marks_regression_test.dart: Marks System Regression meta-style continuation grammar yields many stable mark paths
00:00 +398 -1: test\features\marks_regression_test.dart: Marks System Regression meta-style continuation grammar yields many stable mark paths
00:00 +399 -1: test\features\marks_regression_test.dart: Marks System Regression meta-style continuation grammar yields many stable mark paths
00:00 +400 -1: test\features\marks_regression_test.dart: Marks System Regression meta-style continuation grammar yields many stable mark paths
00:01 +401 -1: test\features\marks_regression_test.dart: Marks System Regression meta-style continuation grammar yields many stable mark paths
00:01 +402 -1: test\features\marks_regression_test.dart: Marks System Regression meta-style continuation grammar yields many stable mark paths
00:01 +403 -1: test\features\marks_regression_test.dart: Marks System Regression meta-style continuation grammar yields many stable mark paths
00:01 +404 -1: test\features\marks_regression_test.dart: Marks System Regression meta-style continuation grammar yields many stable mark paths
00:01 +405 -1: test\features\marks_regression_test.dart: Marks System Regression meta-style continuation grammar yields many stable mark paths
00:01 +406 -1: test\features\marks_regression_test.dart: Marks System Regression meta-style continuation grammar yields many stable mark paths
00:01 +407 -1: test\features\marks_regression_test.dart: Marks System Regression meta-style continuation grammar yields many stable mark paths
00:01 +408 -1: test\features\marks_regression_test.dart: Marks System Regression meta-style continuation grammar yields many stable mark paths
00:01 +409 -1: test\features\marks_regression_test.dart: Marks System Regression meta-style continuation grammar yields many stable mark paths
00:01 +410 -1: test\features\marks_regression_test.dart: Marks System Regression meta-style continuation grammar yields many stable mark paths
00:01 +411 -1: test\features\marks_regression_test.dart: Marks System Regression meta-style continuation grammar yields many stable mark paths
00:01 +412 -1: test\features\marks_regression_test.dart: Marks System Regression meta-style continuation grammar yields many stable mark paths
00:01 +413 -1: test\features\marks_regression_test.dart: Marks System Regression meta-style continuation grammar yields many stable mark paths
00:01 +414 -1: test\features\marks_regression_test.dart: Marks System Regression meta-style continuation grammar yields many stable mark paths
00:01 +415 -1: test\features\marks_regression_test.dart: Marks System Regression meta-style continuation grammar yields many stable mark paths
00:01 +416 -1: test\features\marks_regression_test.dart: Marks System Regression meta-style continuation grammar yields many stable mark paths
00:01 +417 -1: test\features\marks_regression_test.dart: Marks System Regression meta-style continuation grammar yields many stable mark paths
00:01 +418 -1: test\features\marks_regression_test.dart: Marks System Regression meta-style continuation grammar yields many stable mark paths
00:01 +419 -1: test\features\marks_regression_test.dart: Marks System Regression meta-style continuation grammar yields many stable mark paths
00:01 +420 -1: test\features\marks_regression_test.dart: Marks System Regression meta-style continuation grammar yields many stable mark paths
00:01 +421 -1: test\features\marks_regression_test.dart: Marks System Regression meta-style continuation grammar yields many stable mark paths
00:01 +422 -1: test\features\marks_regression_test.dart: Marks System Regression meta-style continuation grammar yields many stable mark paths
00:01 +423 -1: test\features\marks_regression_test.dart: Marks System Regression meta-style continuation grammar yields many stable mark paths
00:01 +424 -1: test\features\marks_regression_test.dart: Marks System Regression meta-style continuation grammar yields many stable mark paths
00:01 +425 -1: test\features\marks_regression_test.dart: Marks System Regression meta-style continuation grammar yields many stable mark paths
00:01 +426 -1: test\features\marks_regression_test.dart: Marks System Regression meta-style continuation grammar yields many stable mark paths
00:01 +427 -1: test\features\marks_regression_test.dart: Marks System Regression meta-style continuation grammar yields many stable mark paths
00:01 +428 -1: test\features\marks_regression_test.dart: Marks System Regression meta-style continuation grammar yields many stable mark paths
00:01 +429 -1: test\features\marks_regression_test.dart: Marks System Regression meta-style continuation grammar yields many stable mark paths
00:01 +430 -1: test\features\marks_regression_test.dart: Marks System Regression meta-style continuation grammar yields many stable mark paths
00:01 +431 -1: test\features\marks_regression_test.dart: Marks System Regression meta-style continuation grammar yields many stable mark paths
00:01 +432 -1: test\features\marks_regression_test.dart: Marks System Regression meta-style continuation grammar yields many stable mark paths
00:01 +433 -1: test\features\marks_regression_test.dart: Marks System Regression meta-style continuation grammar yields many stable mark paths
00:01 +434 -1: test\features\marks_regression_test.dart: Marks System Regression meta-style continuation grammar yields many stable mark paths
00:01 +435 -1: test\features\marks_regression_test.dart: Marks System Regression meta-style continuation grammar yields many stable mark paths
00:01 +436 -1: test\features\marks_regression_test.dart: Marks System Regression meta-style continuation grammar yields many stable mark paths
00:01 +437 -1: test\features\marks_regression_test.dart: Marks System Regression meta-style continuation grammar yields many stable mark paths
00:01 +438 -1: test\features\marks_regression_test.dart: Marks System Regression meta-style continuation grammar yields many stable mark paths
00:01 +439 -1: test\features\marks_regression_test.dart: Marks System Regression meta-style continuation grammar yields many stable mark paths
00:01 +440 -1: test\features\marks_regression_test.dart: Marks System Regression meta-style continuation grammar yields many stable mark paths
00:01 +441 -1: test\features\marks_regression_test.dart: Marks System Regression meta-style continuation grammar yields many stable mark paths
00:01 +442 -1: test\features\marks_regression_test.dart: Marks System Regression meta-style continuation grammar yields many stable mark paths
00:01 +442 -1: test\regression\cyclic_unary_ambiguity_test.dart: Strict Span Deduplication prevents duplicate derivations
[[LabelStart(S.2, 0), LabelEnd(S.2, 1)]]
00:01 +443 -1: test\features\marks_regression_test.dart: Marks System Regression meta-style continuation grammar yields many stable mark paths
00:01 +444 -1: test\features\marks_regression_test.dart: Marks System Regression meta-style continuation grammar yields many stable mark paths
00:01 +445 -1: test\features\marks_regression_test.dart: Marks System Regression meta-style continuation grammar yields many stable mark paths
00:01 +446 -1: test\features\marks_regression_test.dart: Marks System Regression meta-style continuation grammar yields many stable mark paths
00:01 +447 -1: test\features\marks_regression_test.dart: Marks System Regression meta-style continuation grammar yields many stable mark paths
00:01 +448 -1: test\features\marks_regression_test.dart: Marks System Regression meta-style continuation grammar yields many stable mark paths
00:01 +449 -1: test\features\marks_regression_test.dart: Marks System Regression meta-style continuation grammar yields many stable mark paths
00:01 +450 -1: test\features\marks_regression_test.dart: Marks System Regression meta-style continuation grammar yields many stable mark paths
00:01 +451 -1: test\features\marks_regression_test.dart: Marks System Regression meta-style continuation grammar yields many stable mark paths
00:01 +452 -1: test\features\marks_regression_test.dart: Marks System Regression meta-style continuation grammar yields many stable mark paths
00:01 +453 -1: test\features\marks_regression_test.dart: Marks System Regression meta-style continuation grammar yields many stable mark paths
00:01 +454 -1: test\features\marks_regression_test.dart: Marks System Regression meta-style continuation grammar yields many stable mark paths
00:01 +455 -1: test\features\marks_regression_test.dart: Marks System Regression meta-style continuation grammar yields many stable mark paths
00:01 +456 -1: test\features\marks_regression_test.dart: Marks System Regression meta-style continuation grammar yields many stable mark paths
00:01 +457 -1: test\features\marks_regression_test.dart: Marks System Regression meta-style continuation grammar yields many stable mark paths
00:01 +458 -1: test\features\marks_regression_test.dart: Marks System Regression meta-style continuation grammar yields many stable mark paths
00:01 +459 -1: test\features\marks_regression_test.dart: Marks System Regression meta-style continuation grammar yields many stable mark paths
00:01 +460 -1: test\features\marks_regression_test.dart: Marks System Regression meta-style continuation grammar yields many stable mark paths
00:01 +461 -1: test\features\marks_regression_test.dart: Marks System Regression meta-style continuation grammar yields many stable mark paths
00:01 +462 -1: test\features\marks_regression_test.dart: Marks System Regression meta-style continuation grammar yields many stable mark paths
00:01 +463 -1: test\features\marks_regression_test.dart: Marks System Regression meta-style continuation grammar yields many stable mark paths
00:01 +464 -1: test\features\marks_regression_test.dart: Marks System Regression meta-style continuation grammar yields many stable mark paths
00:01 +465 -1: test\features\marks_regression_test.dart: Marks System Regression meta-style continuation grammar yields many stable mark paths
00:01 +466 -1: test\features\marks_regression_test.dart: Marks System Regression meta-style continuation grammar yields many stable mark paths
00:01 +467 -1: test\features\marks_regression_test.dart: Marks System Regression meta-style continuation grammar yields many stable mark paths
00:01 +468 -1: test\features\marks_regression_test.dart: Marks System Regression meta-style continuation grammar yields many stable mark paths
00:01 +469 -1: test\features\marks_regression_test.dart: Marks System Regression meta-style continuation grammar yields many stable mark paths
00:01 +470 -1: test\features\marks_regression_test.dart: Marks System Regression meta-style continuation grammar yields many stable mark paths
00:01 +471 -1: test\features\marks_regression_test.dart: Marks System Regression meta-style continuation grammar yields many stable mark paths
00:01 +472 -1: test\features\marks_regression_test.dart: Marks System Regression meta-style continuation grammar yields many stable mark paths
00:01 +473 -1: test\features\marks_regression_test.dart: Marks System Regression meta-style continuation grammar yields many stable mark paths
00:01 +474 -1: test\features\marks_regression_test.dart: Marks System Regression meta-style continuation grammar yields many stable mark paths
00:01 +475 -1: test\features\marks_regression_test.dart: Marks System Regression meta-style continuation grammar yields many stable mark paths
00:01 +476 -1: test\features\marks_regression_test.dart: Marks System Regression meta-style continuation grammar yields many stable mark paths
00:01 +477 -1: test\features\marks_regression_test.dart: Marks System Regression meta-style continuation grammar yields many stable mark paths
00:01 +478 -1: test\features\marks_regression_test.dart: Marks System Regression meta-style continuation grammar yields many stable mark paths
00:01 +479 -1: test\features\marks_regression_test.dart: Marks System Regression meta-style continuation grammar yields many stable mark paths
00:01 +480 -1: test\features\marks_regression_test.dart: Marks System Regression meta-style continuation grammar yields many stable mark paths
00:01 +481 -1: test\regression\meta_grammar_test.dart: Meta Grammar parses a simple single-rule grammar
00:01 +482 -1: test\regression\meta_grammar_test.dart: Meta Grammar parses a simple single-rule grammar
00:01 +483 -1: test\regression\meta_grammar_test.dart: Meta Grammar parses a simple single-rule grammar
00:01 +484 -1: test\regression\meta_grammar_test.dart: Meta Grammar parses a simple single-rule grammar
00:01 +485 -1: test\regression\meta_grammar_test.dart: Meta Grammar parses a simple single-rule grammar
00:01 +486 -1: test\regression\meta_grammar_test.dart: Meta Grammar parses a simple single-rule grammar
00:01 +487 -1: test\regression\meta_grammar_test.dart: Meta Grammar parses a simple single-rule grammar
00:01 +488 -1: test\regression\meta_grammar_test.dart: Meta Grammar parses a simple single-rule grammar
00:01 +489 -1: test\regression\meta_grammar_test.dart: Meta Grammar parses a grammar with multiple rules
00:01 +490 -1: test\regression\meta_grammar_test.dart: Meta Grammar parses rules with comments
00:01 +491 -1: test\regression\meta_grammar_test.dart: Meta Grammar parses choice expressions
00:01 +492 -1: test\regression\meta_grammar_test.dart: Meta Grammar parses sequence expressions
00:01 +493 -1: test\regression\meta_grammar_test.dart: Meta Grammar parses repetition operators
00:01 +494 -1: test\regression\meta_grammar_test.dart: Meta Grammar parses greedy repetition operators
00:01 +495 -1: test\regression\meta_grammar_test.dart: Meta Grammar parses lookahead and negation
00:01 +496 -1: test\regression\meta_grammar_test.dart: Meta Grammar parses marked elements
00:01 +497 -1: test\regression\meta_grammar_test.dart: Meta Grammar parses labeled elements
00:01 +498 -1: test\regression\meta_grammar_test.dart: Meta Grammar parses character ranges
00:01 +499 -1: test\regression\meta_grammar_test.dart: Meta Grammar parses grouped expressions
00:01 +500 -1: test\regression\meta_grammar_test.dart: Meta Grammar parses the dot wildcard
00:01 +501 -1: test\regression\meta_grammar_test.dart: Meta Grammar parses rules with optional trailing semicolon
00:01 +502 -1: test\regression\meta_grammar_test.dart: Meta Grammar parses complex grammar with mixed operators
00:01 +503 -1: test\regression\meta_grammar_test.dart: Meta Grammar handles whitespace and newlines consistently
00:01 +504 -1: test\regression\meta_grammar_test.dart: Meta Grammar self-parses: meta grammar can parse itself
00:01 +505 -1: test\regression\meta_grammar_test.dart: Meta Grammar self-parses: result contains valid parse structure
00:01 +506 -1: test\regression\meta_grammar_test.dart: Meta Grammar rejects invalid grammar - missing equals sign
00:01 +507 -1: test\regression\meta_grammar_test.dart: Meta Grammar rejects invalid grammar - unterminated string literal
00:01 +508 -1: test\regression\meta_grammar_test.dart: Meta Grammar rejects invalid grammar - empty input
00:01 +509 -1: test\regression\meta_grammar_test.dart: Meta Grammar parses complex precedence and associativity patterns
00:01 +510 -1: test\regression\meta_grammar_test.dart: Meta Grammar maintains stability across multiple parse cycles
00:01 +511 -1: test\regression\meta_grammar_test.dart: Meta Grammar handles deeply nested expressions
00:01 +512 -1: test\regression\meta_grammar_test.dart: Meta Grammar parses identifiers with underscores and dollar signs
00:01 +513 -1: test\regression\meta_grammar_test.dart: Meta Grammar parses both single and double quoted literals
00:01 +514 -1: test\regression\meta_grammar_test.dart: Meta Grammar handles consecutive marks and labels
00:01 +515 -1: test\regression\meta_grammar_test.dart: Meta Grammar correctly parses the isContinuation rule
00:01 +516 -1: Some tests failed.

Failing tests:
  test\parser\conjunction_properties_test.dart: Conjunction & Alternation Properties Associativity (A & B) & C == A & (B & C)

Consider enabling the flag chain-stack-traces to receive more detailed exceptions.
For example, 'dart test --chain-stack-traces'.
